<?xml version="1.0" encoding="ISO-8859-1" ?>
<link_info>
   <banner>TI ARM Linker PC v20.2.7.LTS</banner>
   <copyright>Copyright (c) 1996-2018 Texas Instruments Incorporated</copyright>
   <link_time>0x66d1f82b</link_time>
   <link_errors>0x0</link_errors>
   <output_file>final_project.out</output_file>
   <entry_point>
      <name>_c_int00_noargs</name>
      <address>0x54a1</address>
   </entry_point>
   <input_file_list>
      <input_file id="fl-2">
         <path>.\</path>
         <kind>object</kind>
         <file>STasks.obj</file>
         <name>STasks.obj</name>
      </input_file>
      <input_file id="fl-3">
         <path>.\</path>
         <kind>object</kind>
         <file>adc.obj</file>
         <name>adc.obj</name>
      </input_file>
      <input_file id="fl-4">
         <path>.\</path>
         <kind>object</kind>
         <file>buttons.obj</file>
         <name>buttons.obj</name>
      </input_file>
      <input_file id="fl-5">
         <path>.\</path>
         <kind>object</kind>
         <file>main.obj</file>
         <name>main.obj</name>
      </input_file>
      <input_file id="fl-6">
         <path>.\</path>
         <kind>object</kind>
         <file>tm4c123gh6pm_startup_ccs.obj</file>
         <name>tm4c123gh6pm_startup_ccs.obj</name>
      </input_file>
      <input_file id="fl-7">
         <path>.\FreeRTOS\Source\</path>
         <kind>object</kind>
         <file>event_groups.obj</file>
         <name>event_groups.obj</name>
      </input_file>
      <input_file id="fl-8">
         <path>.\FreeRTOS\Source\</path>
         <kind>object</kind>
         <file>list.obj</file>
         <name>list.obj</name>
      </input_file>
      <input_file id="fl-9">
         <path>.\FreeRTOS\Source\</path>
         <kind>object</kind>
         <file>queue.obj</file>
         <name>queue.obj</name>
      </input_file>
      <input_file id="fl-a">
         <path>.\FreeRTOS\Source\</path>
         <kind>object</kind>
         <file>tasks.obj</file>
         <name>tasks.obj</name>
      </input_file>
      <input_file id="fl-b">
         <path>.\FreeRTOS\Source\</path>
         <kind>object</kind>
         <file>timers.obj</file>
         <name>timers.obj</name>
      </input_file>
      <input_file id="fl-c">
         <path>.\FreeRTOS\Source\portable\CCS\ARM_CM4F\</path>
         <kind>object</kind>
         <file>port.obj</file>
         <name>port.obj</name>
      </input_file>
      <input_file id="fl-d">
         <path>.\FreeRTOS\Source\portable\CCS\ARM_CM4F\</path>
         <kind>object</kind>
         <file>portasm.obj</file>
         <name>portasm.obj</name>
      </input_file>
      <input_file id="fl-e">
         <path>.\FreeRTOS\Source\portable\MemMang\</path>
         <kind>object</kind>
         <file>heap_1.obj</file>
         <name>heap_1.obj</name>
      </input_file>
      <input_file id="fl-f">
         <path>.\MCAL\GPIO\</path>
         <kind>object</kind>
         <file>gpio.obj</file>
         <name>gpio.obj</name>
      </input_file>
      <input_file id="fl-10">
         <path>.\MCAL\GPTM\</path>
         <kind>object</kind>
         <file>GPTM.obj</file>
         <name>GPTM.obj</name>
      </input_file>
      <input_file id="fl-11">
         <path>.\MCAL\UART\</path>
         <kind>object</kind>
         <file>uart0.obj</file>
         <name>uart0.obj</name>
      </input_file>
      <input_file id="fl-15">
         <kind>object</kind>
         <file>&lt;internal&gt;</file>
         <name>&lt;internal&gt;</name>
      </input_file>
      <input_file id="fl-cb">
         <path>C:\ti\ccs1270\ccs\tools\compiler\ti-cgt-arm_20.2.7.LTS\lib\</path>
         <kind>archive</kind>
         <file>rtsv7M4_T_le_v4SPD16_eabi.lib</file>
         <name>memcpy_t2.asm.obj</name>
      </input_file>
      <input_file id="fl-cc">
         <path>C:\ti\ccs1270\ccs\tools\compiler\ti-cgt-arm_20.2.7.LTS\lib\</path>
         <kind>archive</kind>
         <file>rtsv7M4_T_le_v4SPD16_eabi.lib</file>
         <name>memset_t2.asm.obj</name>
      </input_file>
      <input_file id="fl-cd">
         <path>C:\ti\ccs1270\ccs\tools\compiler\ti-cgt-arm_20.2.7.LTS\lib\</path>
         <kind>archive</kind>
         <file>rtsv7M4_T_le_v4SPD16_eabi.lib</file>
         <name>ll_div_t2.asm.obj</name>
      </input_file>
      <input_file id="fl-ce">
         <path>C:\ti\ccs1270\ccs\tools\compiler\ti-cgt-arm_20.2.7.LTS\lib\</path>
         <kind>archive</kind>
         <file>rtsv7M4_T_le_v4SPD16_eabi.lib</file>
         <name>ull_div_t2.asm.obj</name>
      </input_file>
      <input_file id="fl-cf">
         <path>C:\ti\ccs1270\ccs\tools\compiler\ti-cgt-arm_20.2.7.LTS\lib\</path>
         <kind>archive</kind>
         <file>rtsv7M4_T_le_v4SPD16_eabi.lib</file>
         <name>copy_zero_init.c.obj</name>
      </input_file>
      <input_file id="fl-d0">
         <path>C:\ti\ccs1270\ccs\tools\compiler\ti-cgt-arm_20.2.7.LTS\lib\</path>
         <kind>archive</kind>
         <file>rtsv7M4_T_le_v4SPD16_eabi.lib</file>
         <name>copy_decompress_none.c.obj</name>
      </input_file>
      <input_file id="fl-d1">
         <path>C:\ti\ccs1270\ccs\tools\compiler\ti-cgt-arm_20.2.7.LTS\lib\</path>
         <kind>archive</kind>
         <file>rtsv7M4_T_le_v4SPD16_eabi.lib</file>
         <name>copy_decompress_lzss.c.obj</name>
      </input_file>
      <input_file id="fl-d2">
         <path>C:\ti\ccs1270\ccs\tools\compiler\ti-cgt-arm_20.2.7.LTS\lib\</path>
         <kind>archive</kind>
         <file>rtsv7M4_T_le_v4SPD16_eabi.lib</file>
         <name>boot_cortex_m.c.obj</name>
      </input_file>
      <input_file id="fl-d3">
         <path>C:\ti\ccs1270\ccs\tools\compiler\ti-cgt-arm_20.2.7.LTS\lib\</path>
         <kind>archive</kind>
         <file>rtsv7M4_T_le_v4SPD16_eabi.lib</file>
         <name>div0.asm.obj</name>
      </input_file>
      <input_file id="fl-d4">
         <path>C:\ti\ccs1270\ccs\tools\compiler\ti-cgt-arm_20.2.7.LTS\lib\</path>
         <kind>archive</kind>
         <file>rtsv7M4_T_le_v4SPD16_eabi.lib</file>
         <name>autoinit.c.obj</name>
      </input_file>
      <input_file id="fl-d5">
         <path>C:\ti\ccs1270\ccs\tools\compiler\ti-cgt-arm_20.2.7.LTS\lib\</path>
         <kind>archive</kind>
         <file>rtsv7M4_T_le_v4SPD16_eabi.lib</file>
         <name>pre_init.c.obj</name>
      </input_file>
      <input_file id="fl-d6">
         <path>C:\ti\ccs1270\ccs\tools\compiler\ti-cgt-arm_20.2.7.LTS\lib\</path>
         <kind>archive</kind>
         <file>rtsv7M4_T_le_v4SPD16_eabi.lib</file>
         <name>cpy_tbl.c.obj</name>
      </input_file>
      <input_file id="fl-d7">
         <path>C:\ti\ccs1270\ccs\tools\compiler\ti-cgt-arm_20.2.7.LTS\lib\</path>
         <kind>archive</kind>
         <file>rtsv7M4_T_le_v4SPD16_eabi.lib</file>
         <name>exit.c.obj</name>
      </input_file>
      <input_file id="fl-d8">
         <path>C:\ti\ccs1270\ccs\tools\compiler\ti-cgt-arm_20.2.7.LTS\lib\</path>
         <kind>archive</kind>
         <file>rtsv7M4_T_le_v4SPD16_eabi.lib</file>
         <name>_lock.c.obj</name>
      </input_file>
      <input_file id="fl-d9">
         <path>C:\ti\ccs1270\ccs\tools\compiler\ti-cgt-arm_20.2.7.LTS\lib\</path>
         <kind>archive</kind>
         <file>rtsv7M4_T_le_v4SPD16_eabi.lib</file>
         <name>args_main.c.obj</name>
      </input_file>
   </input_file_list>
   <object_component_list>
      <object_component id="oc-12">
         <name>.intvecs</name>
         <load_address>0x0</load_address>
         <run_address>0x0</run_address>
         <size>0x26c</size>
         <input_file_ref idref="fl-6"/>
      </object_component>
      <object_component id="oc-85">
         <name>.text</name>
         <load_address>0x26c</load_address>
         <run_address>0x26c</run_address>
         <size>0x1d00</size>
         <input_file_ref idref="fl-a"/>
      </object_component>
      <object_component id="oc-139">
         <name>.text</name>
         <load_address>0x1f6c</load_address>
         <run_address>0x1f6c</run_address>
         <size>0x100e</size>
         <input_file_ref idref="fl-9"/>
      </object_component>
      <object_component id="oc-27a">
         <name>.text</name>
         <load_address>0x2f7a</load_address>
         <run_address>0x2f7a</run_address>
         <size>0x2</size>
         <input_file_ref idref="fl-d3"/>
      </object_component>
      <object_component id="oc-1a3">
         <name>.text</name>
         <load_address>0x2f7c</load_address>
         <run_address>0x2f7c</run_address>
         <size>0x7f4</size>
         <input_file_ref idref="fl-2"/>
      </object_component>
      <object_component id="oc-a0">
         <name>.text</name>
         <load_address>0x3770</load_address>
         <run_address>0x3770</run_address>
         <size>0x7c0</size>
         <input_file_ref idref="fl-b"/>
      </object_component>
      <object_component id="oc-a9">
         <name>.text</name>
         <load_address>0x3f30</load_address>
         <run_address>0x3f30</run_address>
         <size>0x4fe</size>
         <input_file_ref idref="fl-7"/>
      </object_component>
      <object_component id="oc-184">
         <name>.text</name>
         <load_address>0x4430</load_address>
         <run_address>0x4430</run_address>
         <size>0x300</size>
         <input_file_ref idref="fl-f"/>
      </object_component>
      <object_component id="oc-32">
         <name>.text</name>
         <load_address>0x4730</load_address>
         <run_address>0x4730</run_address>
         <size>0x2b4</size>
         <input_file_ref idref="fl-c"/>
      </object_component>
      <object_component id="oc-dd">
         <name>.text</name>
         <load_address>0x49e4</load_address>
         <run_address>0x49e4</run_address>
         <size>0x1d4</size>
         <input_file_ref idref="fl-5"/>
      </object_component>
      <object_component id="oc-18a">
         <name>.text</name>
         <load_address>0x4bb8</load_address>
         <run_address>0x4bb8</run_address>
         <size>0x1c8</size>
         <input_file_ref idref="fl-11"/>
      </object_component>
      <object_component id="oc-ff">
         <name>.text</name>
         <load_address>0x4d80</load_address>
         <run_address>0x4d80</run_address>
         <size>0x12a</size>
         <input_file_ref idref="fl-8"/>
      </object_component>
      <object_component id="oc-2d">
         <name>.text</name>
         <load_address>0x4eac</load_address>
         <run_address>0x4eac</run_address>
         <size>0xda</size>
         <input_file_ref idref="fl-d"/>
      </object_component>
      <object_component id="oc-f9">
         <name>.text</name>
         <load_address>0x4f88</load_address>
         <run_address>0x4f88</run_address>
         <size>0xd0</size>
         <input_file_ref idref="fl-e"/>
      </object_component>
      <object_component id="oc-38">
         <name>.text</name>
         <load_address>0x5058</load_address>
         <run_address>0x5058</run_address>
         <size>0xb4</size>
         <input_file_ref idref="fl-4"/>
      </object_component>
      <object_component id="oc-4c">
         <name>.text</name>
         <load_address>0x510c</load_address>
         <run_address>0x510c</run_address>
         <size>0x9c</size>
         <input_file_ref idref="fl-cb"/>
      </object_component>
      <object_component id="oc-27f">
         <name>.text</name>
         <load_address>0x51a8</load_address>
         <run_address>0x51a8</run_address>
         <size>0x96</size>
         <input_file_ref idref="fl-ce"/>
      </object_component>
      <object_component id="oc-d1">
         <name>.text</name>
         <load_address>0x523e</load_address>
         <run_address>0x523e</run_address>
         <size>0x7a</size>
         <input_file_ref idref="fl-cc"/>
      </object_component>
      <object_component id="oc-190">
         <name>.text</name>
         <load_address>0x52b8</load_address>
         <run_address>0x52b8</run_address>
         <size>0x78</size>
         <input_file_ref idref="fl-3"/>
      </object_component>
      <object_component id="oc-23c">
         <name>.text</name>
         <load_address>0x5330</load_address>
         <run_address>0x5330</run_address>
         <size>0x6e</size>
         <input_file_ref idref="fl-cd"/>
      </object_component>
      <object_component id="oc-15">
         <name>.text:decompress:lzss:__TI_decompress_lzss</name>
         <load_address>0x539e</load_address>
         <run_address>0x539e</run_address>
         <size>0x68</size>
         <input_file_ref idref="fl-d1"/>
      </object_component>
      <object_component id="oc-196">
         <name>.text</name>
         <load_address>0x5408</load_address>
         <run_address>0x5408</run_address>
         <size>0x54</size>
         <input_file_ref idref="fl-10"/>
      </object_component>
      <object_component id="oc-1bc">
         <name>.text:__TI_auto_init_nobinit_nopinit:__TI_auto_init_nobinit_nopinit</name>
         <load_address>0x545c</load_address>
         <run_address>0x545c</run_address>
         <size>0x44</size>
         <input_file_ref idref="fl-d4"/>
      </object_component>
      <object_component id="oc-6a">
         <name>.text:_c_int00_noargs:_c_int00_noargs</name>
         <load_address>0x54a0</load_address>
         <run_address>0x54a0</run_address>
         <size>0x34</size>
         <input_file_ref idref="fl-d2"/>
      </object_component>
      <object_component id="oc-1b">
         <name>.text:decompress:none:__TI_decompress_none</name>
         <load_address>0x54d4</load_address>
         <run_address>0x54d4</run_address>
         <size>0xe</size>
         <input_file_ref idref="fl-d0"/>
      </object_component>
      <object_component id="oc-5e">
         <name>.text:decompress:ZI:__TI_zero_init</name>
         <load_address>0x54e2</load_address>
         <run_address>0x54e2</run_address>
         <size>0xc</size>
         <input_file_ref idref="fl-cf"/>
      </object_component>
      <object_component id="oc-27">
         <name>.text</name>
         <load_address>0x54ee</load_address>
         <run_address>0x54ee</run_address>
         <size>0xc</size>
         <input_file_ref idref="fl-6"/>
      </object_component>
      <object_component id="oc-d7">
         <name>.text:_system_pre_init</name>
         <load_address>0x54fa</load_address>
         <run_address>0x54fa</run_address>
         <size>0x4</size>
         <input_file_ref idref="fl-d5"/>
      </object_component>
      <object_component id="oc-1b0">
         <name>.text:abort:abort</name>
         <load_address>0x54fe</load_address>
         <run_address>0x54fe</run_address>
         <size>0x4</size>
         <input_file_ref idref="fl-d7"/>
      </object_component>
      <object_component id="oc-82">
         <name>.const</name>
         <load_address>0x5504</load_address>
         <run_address>0x5504</run_address>
         <size>0x8</size>
         <input_file_ref idref="fl-c"/>
      </object_component>
      <object_component id="oc-10b">
         <name>.const</name>
         <load_address>0x550c</load_address>
         <run_address>0x550c</run_address>
         <size>0x4</size>
         <input_file_ref idref="fl-a"/>
      </object_component>
      <object_component id="oc-2e6">
         <name>.cinit..data.load</name>
         <load_address>0x5510</load_address>
         <run_address>0x5510</run_address>
         <size>0x13</size>
      </object_component>
      <object_component id="oc-2e4">
         <name>__TI_handler_table</name>
         <load_address>0x5524</load_address>
         <run_address>0x5524</run_address>
         <size>0xc</size>
      </object_component>
      <object_component id="oc-2e7">
         <name>.cinit..bss.load</name>
         <load_address>0x5530</load_address>
         <run_address>0x5530</run_address>
         <size>0x8</size>
      </object_component>
      <object_component id="oc-2e5">
         <name>__TI_cinit_table</name>
         <load_address>0x5538</load_address>
         <run_address>0x5538</run_address>
         <size>0x10</size>
      </object_component>
      <object_component id="oc-246">
         <name>.data</name>
         <load_address>0x200022ec</load_address>
         <run_address>0x200022ec</run_address>
         <size>0x4</size>
         <input_file_ref idref="fl-5"/>
      </object_component>
      <object_component id="oc-7f">
         <name>.data</name>
         <load_address>0x20002298</load_address>
         <run_address>0x20002298</run_address>
         <size>0x34</size>
         <input_file_ref idref="fl-a"/>
      </object_component>
      <object_component id="oc-13f">
         <name>.data</name>
         <load_address>0x200022d8</load_address>
         <run_address>0x200022d8</run_address>
         <size>0xc</size>
         <input_file_ref idref="fl-b"/>
      </object_component>
      <object_component id="oc-8c">
         <name>.data</name>
         <load_address>0x200022cc</load_address>
         <run_address>0x200022cc</run_address>
         <size>0xc</size>
         <input_file_ref idref="fl-c"/>
      </object_component>
      <object_component id="oc-204">
         <name>.data</name>
         <load_address>0x200022e4</load_address>
         <run_address>0x200022e4</run_address>
         <size>0x8</size>
         <input_file_ref idref="fl-e"/>
      </object_component>
      <object_component id="oc-105">
         <name>.bss:pxReadyTasksLists</name>
         <uninitialized>true</uninitialized>
         <run_address>0x20001f40</run_address>
         <size>0x8c</size>
         <input_file_ref idref="fl-a"/>
      </object_component>
      <object_component id="oc-114">
         <name>.bss:xDelayedTaskList1</name>
         <uninitialized>true</uninitialized>
         <run_address>0x20001ff4</run_address>
         <size>0x14</size>
         <input_file_ref idref="fl-a"/>
      </object_component>
      <object_component id="oc-117">
         <name>.bss:xDelayedTaskList2</name>
         <uninitialized>true</uninitialized>
         <run_address>0x20002008</run_address>
         <size>0x14</size>
         <input_file_ref idref="fl-a"/>
      </object_component>
      <object_component id="oc-111">
         <name>.bss</name>
         <uninitialized>true</uninitialized>
         <run_address>0x20002044</run_address>
         <size>0x8</size>
         <input_file_ref idref="fl-a"/>
      </object_component>
      <object_component id="oc-10e">
         <name>.bss:xPendingReadyList</name>
         <uninitialized>true</uninitialized>
         <run_address>0x2000201c</run_address>
         <size>0x14</size>
         <input_file_ref idref="fl-a"/>
      </object_component>
      <object_component id="oc-108">
         <name>.bss:xTasksWaitingTermination</name>
         <uninitialized>true</uninitialized>
         <run_address>0x20002030</run_address>
         <size>0x14</size>
         <input_file_ref idref="fl-a"/>
      </object_component>
      <object_component id="oc-145">
         <name>.bss:xActiveTimerList1</name>
         <uninitialized>true</uninitialized>
         <run_address>0x20001fcc</run_address>
         <size>0x14</size>
         <input_file_ref idref="fl-b"/>
      </object_component>
      <object_component id="oc-148">
         <name>.bss:xActiveTimerList2</name>
         <uninitialized>true</uninitialized>
         <run_address>0x20001fe0</run_address>
         <size>0x14</size>
         <input_file_ref idref="fl-b"/>
      </object_component>
      <object_component id="oc-142">
         <name>.bss</name>
         <uninitialized>true</uninitialized>
         <run_address>0x2000204c</run_address>
         <size>0x8</size>
         <input_file_ref idref="fl-b"/>
      </object_component>
      <object_component id="oc-207">
         <name>.bss:ucHeap</name>
         <uninitialized>true</uninitialized>
         <run_address>0x20000000</run_address>
         <size>0x1f40</size>
         <input_file_ref idref="fl-e"/>
      </object_component>
      <object_component id="oc-245">
         <name>.common:driver_sens_reading</name>
         <uninitialized>true</uninitialized>
         <run_address>0x20002054</run_address>
         <size>0x4</size>
      </object_component>
      <object_component id="oc-249">
         <name>.common:passenger_sens_reading</name>
         <uninitialized>true</uninitialized>
         <run_address>0x2000205c</run_address>
         <size>0x4</size>
      </object_component>
      <object_component id="oc-1a9">
         <name>.common:vTaskDriverLedsHandle</name>
         <uninitialized>true</uninitialized>
         <run_address>0x20002064</run_address>
         <size>0x4</size>
      </object_component>
      <object_component id="oc-1ac">
         <name>.common:vTaskPassengerLedsHandle</name>
         <uninitialized>true</uninitialized>
         <run_address>0x20002070</run_address>
         <size>0x4</size>
      </object_component>
      <object_component id="oc-1aa">
         <name>.common:vTaskSensorHandle</name>
         <uninitialized>true</uninitialized>
         <run_address>0x20002078</run_address>
         <size>0x4</size>
      </object_component>
      <object_component id="oc-1a2">
         <name>.common:vTaskInputDriverHandle</name>
         <uninitialized>true</uninitialized>
         <run_address>0x20002068</run_address>
         <size>0x4</size>
      </object_component>
      <object_component id="oc-1ab">
         <name>.common:vTaskInputPassengerHandle</name>
         <uninitialized>true</uninitialized>
         <run_address>0x2000206c</run_address>
         <size>0x4</size>
      </object_component>
      <object_component id="oc-1ad">
         <name>.common:vTaskDisplayStatus</name>
         <uninitialized>true</uninitialized>
         <run_address>0x20002060</run_address>
         <size>0x4</size>
      </object_component>
      <object_component id="oc-1ae">
         <name>.common:vTaskReportErrorHandle</name>
         <uninitialized>true</uninitialized>
         <run_address>0x20002074</run_address>
         <size>0x4</size>
      </object_component>
      <object_component id="oc-a6">
         <name>.common:eventGroup</name>
         <uninitialized>true</uninitialized>
         <run_address>0x20002058</run_address>
         <size>0x4</size>
      </object_component>
      <object_component id="oc-19c">
         <name>.common:xDriver_Input_Mutex</name>
         <uninitialized>true</uninitialized>
         <run_address>0x20002080</run_address>
         <size>0x4</size>
      </object_component>
      <object_component id="oc-19d">
         <name>.common:xPassenger_Input_Mutex</name>
         <uninitialized>true</uninitialized>
         <run_address>0x2000208c</run_address>
         <size>0x4</size>
      </object_component>
      <object_component id="oc-19e">
         <name>.common:xDriver_Sens_Mutex</name>
         <uninitialized>true</uninitialized>
         <run_address>0x20002084</run_address>
         <size>0x4</size>
      </object_component>
      <object_component id="oc-19f">
         <name>.common:xPassenger_Sens_Mutex</name>
         <uninitialized>true</uninitialized>
         <run_address>0x20002090</run_address>
         <size>0x4</size>
      </object_component>
      <object_component id="oc-1a0">
         <name>.common:xDriver_Heater_Mutex</name>
         <uninitialized>true</uninitialized>
         <run_address>0x2000207c</run_address>
         <size>0x4</size>
      </object_component>
      <object_component id="oc-1a1">
         <name>.common:xPassenger_Heater_Mutex</name>
         <uninitialized>true</uninitialized>
         <run_address>0x20002088</run_address>
         <size>0x4</size>
      </object_component>
      <object_component id="oc-24">
         <name>.stack</name>
         <uninitialized>true</uninitialized>
         <run_address>0x20002098</run_address>
         <size>0x4</size>
         <input_file_ref idref="fl-d2"/>
      </object_component>
      <object_component id="oc-2e9">
         <name>.stack</name>
         <uninitialized>true</uninitialized>
         <run_address>0x20002098</run_address>
         <size>0x0</size>
      </object_component>
      <object_component id="oc-133">
         <name>.debug_info</name>
         <load_address>0x0</load_address>
         <run_address>0x0</run_address>
         <size>0xb41</size>
         <input_file_ref idref="fl-2"/>
      </object_component>
      <object_component id="oc-1a5">
         <name>.debug_info</name>
         <load_address>0xb41</load_address>
         <run_address>0xb41</run_address>
         <size>0x1106</size>
         <input_file_ref idref="fl-2"/>
      </object_component>
      <object_component id="oc-21e">
         <name>.debug_info</name>
         <load_address>0x1c47</load_address>
         <run_address>0x1c47</run_address>
         <size>0x127</size>
         <input_file_ref idref="fl-2"/>
      </object_component>
      <object_component id="oc-124">
         <name>.debug_info</name>
         <load_address>0x1d6e</load_address>
         <run_address>0x1d6e</run_address>
         <size>0x30c</size>
         <input_file_ref idref="fl-2"/>
      </object_component>
      <object_component id="oc-b7">
         <name>.debug_info</name>
         <load_address>0x207a</load_address>
         <run_address>0x207a</run_address>
         <size>0x26b</size>
         <input_file_ref idref="fl-2"/>
      </object_component>
      <object_component id="oc-12e">
         <name>.debug_info</name>
         <load_address>0x22e5</load_address>
         <run_address>0x22e5</run_address>
         <size>0x3e3</size>
         <input_file_ref idref="fl-2"/>
      </object_component>
      <object_component id="oc-159">
         <name>.debug_info</name>
         <load_address>0x26c8</load_address>
         <run_address>0x26c8</run_address>
         <size>0x42</size>
         <input_file_ref idref="fl-2"/>
      </object_component>
      <object_component id="oc-15e">
         <name>.debug_info</name>
         <load_address>0x270a</load_address>
         <run_address>0x270a</run_address>
         <size>0x4f</size>
         <input_file_ref idref="fl-2"/>
      </object_component>
      <object_component id="oc-168">
         <name>.debug_info</name>
         <load_address>0x2759</load_address>
         <run_address>0x2759</run_address>
         <size>0x2c</size>
         <input_file_ref idref="fl-2"/>
      </object_component>
      <object_component id="oc-47">
         <name>.debug_info</name>
         <load_address>0x2785</load_address>
         <run_address>0x2785</run_address>
         <size>0x84</size>
         <input_file_ref idref="fl-2"/>
      </object_component>
      <object_component id="oc-91">
         <name>.debug_info</name>
         <load_address>0x2809</load_address>
         <run_address>0x2809</run_address>
         <size>0x2c</size>
         <input_file_ref idref="fl-2"/>
      </object_component>
      <object_component id="oc-163">
         <name>.debug_info</name>
         <load_address>0x2835</load_address>
         <run_address>0x2835</run_address>
         <size>0x4f</size>
         <input_file_ref idref="fl-2"/>
      </object_component>
      <object_component id="oc-134">
         <name>.debug_info</name>
         <load_address>0x2884</load_address>
         <run_address>0x2884</run_address>
         <size>0x2a4</size>
         <input_file_ref idref="fl-2"/>
      </object_component>
      <object_component id="oc-9b">
         <name>.debug_info</name>
         <load_address>0x2b28</load_address>
         <run_address>0x2b28</run_address>
         <size>0xbb</size>
         <input_file_ref idref="fl-2"/>
      </object_component>
      <object_component id="oc-b0">
         <name>.debug_info</name>
         <load_address>0x2be3</load_address>
         <run_address>0x2be3</run_address>
         <size>0xae</size>
         <input_file_ref idref="fl-2"/>
      </object_component>
      <object_component id="oc-11f">
         <name>.debug_info</name>
         <load_address>0x2c91</load_address>
         <run_address>0x2c91</run_address>
         <size>0x53</size>
         <input_file_ref idref="fl-2"/>
      </object_component>
      <object_component id="oc-96">
         <name>.debug_info</name>
         <load_address>0x2ce4</load_address>
         <run_address>0x2ce4</run_address>
         <size>0x53</size>
         <input_file_ref idref="fl-2"/>
      </object_component>
      <object_component id="oc-129">
         <name>.debug_info</name>
         <load_address>0x2d37</load_address>
         <run_address>0x2d37</run_address>
         <size>0x14c</size>
         <input_file_ref idref="fl-2"/>
      </object_component>
      <object_component id="oc-192">
         <name>.debug_info</name>
         <load_address>0x2e83</load_address>
         <run_address>0x2e83</run_address>
         <size>0x149</size>
         <input_file_ref idref="fl-3"/>
      </object_component>
      <object_component id="oc-39">
         <name>.debug_info</name>
         <load_address>0x2fcc</load_address>
         <run_address>0x2fcc</run_address>
         <size>0x2d5</size>
         <input_file_ref idref="fl-4"/>
      </object_component>
      <object_component id="oc-a7">
         <name>.debug_info</name>
         <load_address>0x32a1</load_address>
         <run_address>0x32a1</run_address>
         <size>0xb6f</size>
         <input_file_ref idref="fl-5"/>
      </object_component>
      <object_component id="oc-247">
         <name>.debug_info</name>
         <load_address>0x3e10</load_address>
         <run_address>0x3e10</run_address>
         <size>0x1a2</size>
         <input_file_ref idref="fl-5"/>
      </object_component>
      <object_component id="oc-de">
         <name>.debug_info</name>
         <load_address>0x3fb2</load_address>
         <run_address>0x3fb2</run_address>
         <size>0x31f</size>
         <input_file_ref idref="fl-5"/>
      </object_component>
      <object_component id="oc-40">
         <name>.debug_info</name>
         <load_address>0x42d1</load_address>
         <run_address>0x42d1</run_address>
         <size>0x3ba</size>
         <input_file_ref idref="fl-6"/>
      </object_component>
      <object_component id="oc-13">
         <name>.debug_info</name>
         <load_address>0x468b</load_address>
         <run_address>0x468b</run_address>
         <size>0xfb</size>
         <input_file_ref idref="fl-6"/>
      </object_component>
      <object_component id="oc-28">
         <name>.debug_info</name>
         <load_address>0x4786</load_address>
         <run_address>0x4786</run_address>
         <size>0x277</size>
         <input_file_ref idref="fl-6"/>
      </object_component>
      <object_component id="oc-173">
         <name>.debug_info</name>
         <load_address>0x49fd</load_address>
         <run_address>0x49fd</run_address>
         <size>0x696</size>
         <input_file_ref idref="fl-7"/>
      </object_component>
      <object_component id="oc-ab">
         <name>.debug_info</name>
         <load_address>0x5093</load_address>
         <run_address>0x5093</run_address>
         <size>0x13a4</size>
         <input_file_ref idref="fl-7"/>
      </object_component>
      <object_component id="oc-1f0">
         <name>.debug_info</name>
         <load_address>0x6437</load_address>
         <run_address>0x6437</run_address>
         <size>0x110</size>
         <input_file_ref idref="fl-7"/>
      </object_component>
      <object_component id="oc-1ff">
         <name>.debug_info</name>
         <load_address>0x6547</load_address>
         <run_address>0x6547</run_address>
         <size>0x3e3</size>
         <input_file_ref idref="fl-7"/>
      </object_component>
      <object_component id="oc-236">
         <name>.debug_info</name>
         <load_address>0x692a</load_address>
         <run_address>0x692a</run_address>
         <size>0x62</size>
         <input_file_ref idref="fl-7"/>
      </object_component>
      <object_component id="oc-16e">
         <name>.debug_info</name>
         <load_address>0x698c</load_address>
         <run_address>0x698c</run_address>
         <size>0x39</size>
         <input_file_ref idref="fl-7"/>
      </object_component>
      <object_component id="oc-20d">
         <name>.debug_info</name>
         <load_address>0x69c5</load_address>
         <run_address>0x69c5</run_address>
         <size>0x394</size>
         <input_file_ref idref="fl-8"/>
      </object_component>
      <object_component id="oc-100">
         <name>.debug_info</name>
         <load_address>0x6d59</load_address>
         <run_address>0x6d59</run_address>
         <size>0x504</size>
         <input_file_ref idref="fl-8"/>
      </object_component>
      <object_component id="oc-229">
         <name>.debug_info</name>
         <load_address>0x725d</load_address>
         <run_address>0x725d</run_address>
         <size>0x8fa</size>
         <input_file_ref idref="fl-9"/>
      </object_component>
      <object_component id="oc-13a">
         <name>.debug_info</name>
         <load_address>0x7b57</load_address>
         <run_address>0x7b57</run_address>
         <size>0x3200</size>
         <input_file_ref idref="fl-9"/>
      </object_component>
      <object_component id="oc-275">
         <name>.debug_info</name>
         <load_address>0xad57</load_address>
         <run_address>0xad57</run_address>
         <size>0x1c7</size>
         <input_file_ref idref="fl-9"/>
      </object_component>
      <object_component id="oc-224">
         <name>.debug_info</name>
         <load_address>0xaf1e</load_address>
         <run_address>0xaf1e</run_address>
         <size>0x46</size>
         <input_file_ref idref="fl-9"/>
      </object_component>
      <object_component id="oc-1f5">
         <name>.debug_info</name>
         <load_address>0xaf64</load_address>
         <run_address>0xaf64</run_address>
         <size>0x35</size>
         <input_file_ref idref="fl-9"/>
      </object_component>
      <object_component id="oc-f1">
         <name>.debug_info</name>
         <load_address>0xaf99</load_address>
         <run_address>0xaf99</run_address>
         <size>0x7e1</size>
         <input_file_ref idref="fl-a"/>
      </object_component>
      <object_component id="oc-80">
         <name>.debug_info</name>
         <load_address>0xb77a</load_address>
         <run_address>0xb77a</run_address>
         <size>0x359</size>
         <input_file_ref idref="fl-a"/>
      </object_component>
      <object_component id="oc-106">
         <name>.debug_info</name>
         <load_address>0xbad3</load_address>
         <run_address>0xbad3</run_address>
         <size>0x102</size>
         <input_file_ref idref="fl-a"/>
      </object_component>
      <object_component id="oc-115">
         <name>.debug_info</name>
         <load_address>0xbbd5</load_address>
         <run_address>0xbbd5</run_address>
         <size>0x102</size>
         <input_file_ref idref="fl-a"/>
      </object_component>
      <object_component id="oc-118">
         <name>.debug_info</name>
         <load_address>0xbcd7</load_address>
         <run_address>0xbcd7</run_address>
         <size>0x102</size>
         <input_file_ref idref="fl-a"/>
      </object_component>
      <object_component id="oc-112">
         <name>.debug_info</name>
         <load_address>0xbdd9</load_address>
         <run_address>0xbdd9</run_address>
         <size>0x145</size>
         <input_file_ref idref="fl-a"/>
      </object_component>
      <object_component id="oc-10f">
         <name>.debug_info</name>
         <load_address>0xbf1e</load_address>
         <run_address>0xbf1e</run_address>
         <size>0x102</size>
         <input_file_ref idref="fl-a"/>
      </object_component>
      <object_component id="oc-109">
         <name>.debug_info</name>
         <load_address>0xc020</load_address>
         <run_address>0xc020</run_address>
         <size>0x110</size>
         <input_file_ref idref="fl-a"/>
      </object_component>
      <object_component id="oc-10c">
         <name>.debug_info</name>
         <load_address>0xc130</load_address>
         <run_address>0xc130</run_address>
         <size>0x103</size>
         <input_file_ref idref="fl-a"/>
      </object_component>
      <object_component id="oc-86">
         <name>.debug_info</name>
         <load_address>0xc233</load_address>
         <run_address>0xc233</run_address>
         <size>0x4107</size>
         <input_file_ref idref="fl-a"/>
      </object_component>
      <object_component id="oc-f2">
         <name>.debug_info</name>
         <load_address>0x1033a</load_address>
         <run_address>0x1033a</run_address>
         <size>0x303</size>
         <input_file_ref idref="fl-a"/>
      </object_component>
      <object_component id="oc-1fa">
         <name>.debug_info</name>
         <load_address>0x1063d</load_address>
         <run_address>0x1063d</run_address>
         <size>0x11b</size>
         <input_file_ref idref="fl-a"/>
      </object_component>
      <object_component id="oc-151">
         <name>.debug_info</name>
         <load_address>0x10758</load_address>
         <run_address>0x10758</run_address>
         <size>0x845</size>
         <input_file_ref idref="fl-b"/>
      </object_component>
      <object_component id="oc-146">
         <name>.debug_info</name>
         <load_address>0x10f9d</load_address>
         <run_address>0x10f9d</run_address>
         <size>0x102</size>
         <input_file_ref idref="fl-b"/>
      </object_component>
      <object_component id="oc-149">
         <name>.debug_info</name>
         <load_address>0x1109f</load_address>
         <run_address>0x1109f</run_address>
         <size>0x102</size>
         <input_file_ref idref="fl-b"/>
      </object_component>
      <object_component id="oc-143">
         <name>.debug_info</name>
         <load_address>0x111a1</load_address>
         <run_address>0x111a1</run_address>
         <size>0x13a</size>
         <input_file_ref idref="fl-b"/>
      </object_component>
      <object_component id="oc-140">
         <name>.debug_info</name>
         <load_address>0x112db</load_address>
         <run_address>0x112db</run_address>
         <size>0x126</size>
         <input_file_ref idref="fl-b"/>
      </object_component>
      <object_component id="oc-a1">
         <name>.debug_info</name>
         <load_address>0x11401</load_address>
         <run_address>0x11401</run_address>
         <size>0x23bd</size>
         <input_file_ref idref="fl-b"/>
      </object_component>
      <object_component id="oc-152">
         <name>.debug_info</name>
         <load_address>0x137be</load_address>
         <run_address>0x137be</run_address>
         <size>0x1ce</size>
         <input_file_ref idref="fl-b"/>
      </object_component>
      <object_component id="oc-14c">
         <name>.debug_info</name>
         <load_address>0x1398c</load_address>
         <run_address>0x1398c</run_address>
         <size>0x46</size>
         <input_file_ref idref="fl-b"/>
      </object_component>
      <object_component id="oc-90">
         <name>.debug_info</name>
         <load_address>0x139d2</load_address>
         <run_address>0x139d2</run_address>
         <size>0x47b</size>
         <input_file_ref idref="fl-c"/>
      </object_component>
      <object_component id="oc-83">
         <name>.debug_info</name>
         <load_address>0x13e4d</load_address>
         <run_address>0x13e4d</run_address>
         <size>0x177</size>
         <input_file_ref idref="fl-c"/>
      </object_component>
      <object_component id="oc-8d">
         <name>.debug_info</name>
         <load_address>0x13fc4</load_address>
         <run_address>0x13fc4</run_address>
         <size>0x182</size>
         <input_file_ref idref="fl-c"/>
      </object_component>
      <object_component id="oc-33">
         <name>.debug_info</name>
         <load_address>0x14146</load_address>
         <run_address>0x14146</run_address>
         <size>0x90e</size>
         <input_file_ref idref="fl-c"/>
      </object_component>
      <object_component id="oc-2e">
         <name>.debug_info</name>
         <load_address>0x14a54</load_address>
         <run_address>0x14a54</run_address>
         <size>0x264</size>
         <input_file_ref idref="fl-d"/>
      </object_component>
      <object_component id="oc-20b">
         <name>.debug_info</name>
         <load_address>0x14cb8</load_address>
         <run_address>0x14cb8</run_address>
         <size>0x42d</size>
         <input_file_ref idref="fl-e"/>
      </object_component>
      <object_component id="oc-208">
         <name>.debug_info</name>
         <load_address>0x150e5</load_address>
         <run_address>0x150e5</run_address>
         <size>0xfd</size>
         <input_file_ref idref="fl-e"/>
      </object_component>
      <object_component id="oc-205">
         <name>.debug_info</name>
         <load_address>0x151e2</load_address>
         <run_address>0x151e2</run_address>
         <size>0x10b</size>
         <input_file_ref idref="fl-e"/>
      </object_component>
      <object_component id="oc-fb">
         <name>.debug_info</name>
         <load_address>0x152ed</load_address>
         <run_address>0x152ed</run_address>
         <size>0x41b</size>
         <input_file_ref idref="fl-e"/>
      </object_component>
      <object_component id="oc-187">
         <name>.debug_info</name>
         <load_address>0x15708</load_address>
         <run_address>0x15708</run_address>
         <size>0x9a1</size>
         <input_file_ref idref="fl-f"/>
      </object_component>
      <object_component id="oc-197">
         <name>.debug_info</name>
         <load_address>0x160a9</load_address>
         <run_address>0x160a9</run_address>
         <size>0x1a2</size>
         <input_file_ref idref="fl-10"/>
      </object_component>
      <object_component id="oc-242">
         <name>.debug_info</name>
         <load_address>0x1624b</load_address>
         <run_address>0x1624b</run_address>
         <size>0x27c</size>
         <input_file_ref idref="fl-11"/>
      </object_component>
      <object_component id="oc-18e">
         <name>.debug_info</name>
         <load_address>0x164c7</load_address>
         <run_address>0x164c7</run_address>
         <size>0x47c</size>
         <input_file_ref idref="fl-11"/>
      </object_component>
      <object_component id="oc-4f">
         <name>.debug_info</name>
         <load_address>0x16943</load_address>
         <run_address>0x16943</run_address>
         <size>0x119</size>
         <input_file_ref idref="fl-cb"/>
      </object_component>
      <object_component id="oc-d2">
         <name>.debug_info</name>
         <load_address>0x16a5c</load_address>
         <run_address>0x16a5c</run_address>
         <size>0x147</size>
         <input_file_ref idref="fl-cc"/>
      </object_component>
      <object_component id="oc-23d">
         <name>.debug_info</name>
         <load_address>0x16ba3</load_address>
         <run_address>0x16ba3</run_address>
         <size>0x13f</size>
         <input_file_ref idref="fl-cd"/>
      </object_component>
      <object_component id="oc-280">
         <name>.debug_info</name>
         <load_address>0x16ce2</load_address>
         <run_address>0x16ce2</run_address>
         <size>0x134</size>
         <input_file_ref idref="fl-ce"/>
      </object_component>
      <object_component id="oc-d0">
         <name>.debug_info</name>
         <load_address>0x16e16</load_address>
         <run_address>0x16e16</run_address>
         <size>0x2d4</size>
         <input_file_ref idref="fl-cf"/>
      </object_component>
      <object_component id="oc-5f">
         <name>.debug_info</name>
         <load_address>0x170ea</load_address>
         <run_address>0x170ea</run_address>
         <size>0x1b5</size>
         <input_file_ref idref="fl-cf"/>
      </object_component>
      <object_component id="oc-cb">
         <name>.debug_info</name>
         <load_address>0x1729f</load_address>
         <run_address>0x1729f</run_address>
         <size>0x46</size>
         <input_file_ref idref="fl-cf"/>
      </object_component>
      <object_component id="oc-17b">
         <name>.debug_info</name>
         <load_address>0x172e5</load_address>
         <run_address>0x172e5</run_address>
         <size>0x2c</size>
         <input_file_ref idref="fl-cf"/>
      </object_component>
      <object_component id="oc-57">
         <name>.debug_info</name>
         <load_address>0x17311</load_address>
         <run_address>0x17311</run_address>
         <size>0x2a8</size>
         <input_file_ref idref="fl-d0"/>
      </object_component>
      <object_component id="oc-1c">
         <name>.debug_info</name>
         <load_address>0x175b9</load_address>
         <run_address>0x175b9</run_address>
         <size>0x1ea</size>
         <input_file_ref idref="fl-d0"/>
      </object_component>
      <object_component id="oc-52">
         <name>.debug_info</name>
         <load_address>0x177a3</load_address>
         <run_address>0x177a3</run_address>
         <size>0x46</size>
         <input_file_ref idref="fl-d0"/>
      </object_component>
      <object_component id="oc-c3">
         <name>.debug_info</name>
         <load_address>0x177e9</load_address>
         <run_address>0x177e9</run_address>
         <size>0x2c</size>
         <input_file_ref idref="fl-d0"/>
      </object_component>
      <object_component id="oc-c1">
         <name>.debug_info</name>
         <load_address>0x17815</load_address>
         <run_address>0x17815</run_address>
         <size>0x29e</size>
         <input_file_ref idref="fl-d1"/>
      </object_component>
      <object_component id="oc-16">
         <name>.debug_info</name>
         <load_address>0x17ab3</load_address>
         <run_address>0x17ab3</run_address>
         <size>0x250</size>
         <input_file_ref idref="fl-d1"/>
      </object_component>
      <object_component id="oc-42">
         <name>.debug_info</name>
         <load_address>0x17d03</load_address>
         <run_address>0x17d03</run_address>
         <size>0x60</size>
         <input_file_ref idref="fl-d1"/>
      </object_component>
      <object_component id="oc-174">
         <name>.debug_info</name>
         <load_address>0x17d63</load_address>
         <run_address>0x17d63</run_address>
         <size>0x46</size>
         <input_file_ref idref="fl-d1"/>
      </object_component>
      <object_component id="oc-bc">
         <name>.debug_info</name>
         <load_address>0x17da9</load_address>
         <run_address>0x17da9</run_address>
         <size>0x39</size>
         <input_file_ref idref="fl-d1"/>
      </object_component>
      <object_component id="oc-25">
         <name>.debug_info</name>
         <load_address>0x17de2</load_address>
         <run_address>0x17de2</run_address>
         <size>0x10b</size>
         <input_file_ref idref="fl-d2"/>
      </object_component>
      <object_component id="oc-6e">
         <name>.debug_info</name>
         <load_address>0x17eed</load_address>
         <run_address>0x17eed</run_address>
         <size>0x1a9</size>
         <input_file_ref idref="fl-d2"/>
      </object_component>
      <object_component id="oc-27b">
         <name>.debug_info</name>
         <load_address>0x18096</load_address>
         <run_address>0x18096</run_address>
         <size>0x115</size>
         <input_file_ref idref="fl-d3"/>
      </object_component>
      <object_component id="oc-256">
         <name>.debug_info</name>
         <load_address>0x181ab</load_address>
         <run_address>0x181ab</run_address>
         <size>0x4b3</size>
         <input_file_ref idref="fl-d4"/>
      </object_component>
      <object_component id="oc-1bd">
         <name>.debug_info</name>
         <load_address>0x1865e</load_address>
         <run_address>0x1865e</run_address>
         <size>0x1a6</size>
         <input_file_ref idref="fl-d4"/>
      </object_component>
      <object_component id="oc-299">
         <name>.debug_info</name>
         <load_address>0x18804</load_address>
         <run_address>0x18804</run_address>
         <size>0x39</size>
         <input_file_ref idref="fl-d4"/>
      </object_component>
      <object_component id="oc-2af">
         <name>.debug_info</name>
         <load_address>0x1883d</load_address>
         <run_address>0x1883d</run_address>
         <size>0x39</size>
         <input_file_ref idref="fl-d4"/>
      </object_component>
      <object_component id="oc-29e">
         <name>.debug_info</name>
         <load_address>0x18876</load_address>
         <run_address>0x18876</run_address>
         <size>0x39</size>
         <input_file_ref idref="fl-d4"/>
      </object_component>
      <object_component id="oc-2a3">
         <name>.debug_info</name>
         <load_address>0x188af</load_address>
         <run_address>0x188af</run_address>
         <size>0xcd</size>
         <input_file_ref idref="fl-d4"/>
      </object_component>
      <object_component id="oc-db">
         <name>.debug_info</name>
         <load_address>0x1897c</load_address>
         <run_address>0x1897c</run_address>
         <size>0x153</size>
         <input_file_ref idref="fl-d5"/>
      </object_component>
      <object_component id="oc-1b1">
         <name>.debug_info</name>
         <load_address>0x18acf</load_address>
         <run_address>0x18acf</run_address>
         <size>0x122</size>
         <input_file_ref idref="fl-d7"/>
      </object_component>
      <object_component id="oc-2ea">
         <name>.debug_info</name>
         <load_address>0x18bf1</load_address>
         <run_address>0x18bf1</run_address>
         <size>0xae</size>
      </object_component>
      <object_component id="oc-21d">
         <name>.debug_line</name>
         <load_address>0x0</load_address>
         <run_address>0x0</run_address>
         <size>0x252</size>
         <input_file_ref idref="fl-2"/>
      </object_component>
      <object_component id="oc-1a4">
         <name>.debug_line</name>
         <load_address>0x252</load_address>
         <run_address>0x252</run_address>
         <size>0x2ee</size>
         <input_file_ref idref="fl-2"/>
      </object_component>
      <object_component id="oc-221">
         <name>.debug_line</name>
         <load_address>0x540</load_address>
         <run_address>0x540</run_address>
         <size>0x32</size>
         <input_file_ref idref="fl-2"/>
      </object_component>
      <object_component id="oc-127">
         <name>.debug_line</name>
         <load_address>0x572</load_address>
         <run_address>0x572</run_address>
         <size>0x7c</size>
         <input_file_ref idref="fl-2"/>
      </object_component>
      <object_component id="oc-ba">
         <name>.debug_line</name>
         <load_address>0x5ee</load_address>
         <run_address>0x5ee</run_address>
         <size>0x6f</size>
         <input_file_ref idref="fl-2"/>
      </object_component>
      <object_component id="oc-131">
         <name>.debug_line</name>
         <load_address>0x65d</load_address>
         <run_address>0x65d</run_address>
         <size>0x80</size>
         <input_file_ref idref="fl-2"/>
      </object_component>
      <object_component id="oc-15c">
         <name>.debug_line</name>
         <load_address>0x6dd</load_address>
         <run_address>0x6dd</run_address>
         <size>0x84</size>
         <input_file_ref idref="fl-2"/>
      </object_component>
      <object_component id="oc-161">
         <name>.debug_line</name>
         <load_address>0x761</load_address>
         <run_address>0x761</run_address>
         <size>0x7d</size>
         <input_file_ref idref="fl-2"/>
      </object_component>
      <object_component id="oc-16b">
         <name>.debug_line</name>
         <load_address>0x7de</load_address>
         <run_address>0x7de</run_address>
         <size>0x7e</size>
         <input_file_ref idref="fl-2"/>
      </object_component>
      <object_component id="oc-4a">
         <name>.debug_line</name>
         <load_address>0x85c</load_address>
         <run_address>0x85c</run_address>
         <size>0x20</size>
         <input_file_ref idref="fl-2"/>
      </object_component>
      <object_component id="oc-94">
         <name>.debug_line</name>
         <load_address>0x87c</load_address>
         <run_address>0x87c</run_address>
         <size>0x80</size>
         <input_file_ref idref="fl-2"/>
      </object_component>
      <object_component id="oc-166">
         <name>.debug_line</name>
         <load_address>0x8fc</load_address>
         <run_address>0x8fc</run_address>
         <size>0x7e</size>
         <input_file_ref idref="fl-2"/>
      </object_component>
      <object_component id="oc-137">
         <name>.debug_line</name>
         <load_address>0x97a</load_address>
         <run_address>0x97a</run_address>
         <size>0x73</size>
         <input_file_ref idref="fl-2"/>
      </object_component>
      <object_component id="oc-9e">
         <name>.debug_line</name>
         <load_address>0x9ed</load_address>
         <run_address>0x9ed</run_address>
         <size>0x70</size>
         <input_file_ref idref="fl-2"/>
      </object_component>
      <object_component id="oc-b3">
         <name>.debug_line</name>
         <load_address>0xa5d</load_address>
         <run_address>0xa5d</run_address>
         <size>0x70</size>
         <input_file_ref idref="fl-2"/>
      </object_component>
      <object_component id="oc-122">
         <name>.debug_line</name>
         <load_address>0xacd</load_address>
         <run_address>0xacd</run_address>
         <size>0x6b</size>
         <input_file_ref idref="fl-2"/>
      </object_component>
      <object_component id="oc-99">
         <name>.debug_line</name>
         <load_address>0xb38</load_address>
         <run_address>0xb38</run_address>
         <size>0x8f</size>
         <input_file_ref idref="fl-2"/>
      </object_component>
      <object_component id="oc-12c">
         <name>.debug_line</name>
         <load_address>0xbc7</load_address>
         <run_address>0xbc7</run_address>
         <size>0x7c</size>
         <input_file_ref idref="fl-2"/>
      </object_component>
      <object_component id="oc-195">
         <name>.debug_line</name>
         <load_address>0xc43</load_address>
         <run_address>0xc43</run_address>
         <size>0x66</size>
         <input_file_ref idref="fl-3"/>
      </object_component>
      <object_component id="oc-3d">
         <name>.debug_line</name>
         <load_address>0xca9</load_address>
         <run_address>0xca9</run_address>
         <size>0x79</size>
         <input_file_ref idref="fl-4"/>
      </object_component>
      <object_component id="oc-158">
         <name>.debug_line</name>
         <load_address>0xd22</load_address>
         <run_address>0xd22</run_address>
         <size>0x287</size>
         <input_file_ref idref="fl-5"/>
      </object_component>
      <object_component id="oc-288">
         <name>.debug_line</name>
         <load_address>0xfa9</load_address>
         <run_address>0xfa9</run_address>
         <size>0x2d</size>
         <input_file_ref idref="fl-5"/>
      </object_component>
      <object_component id="oc-e1">
         <name>.debug_line</name>
         <load_address>0xfd6</load_address>
         <run_address>0xfd6</run_address>
         <size>0x5a</size>
         <input_file_ref idref="fl-5"/>
      </object_component>
      <object_component id="oc-b6">
         <name>.debug_line</name>
         <load_address>0x1030</load_address>
         <run_address>0x1030</run_address>
         <size>0x41</size>
         <input_file_ref idref="fl-6"/>
      </object_component>
      <object_component id="oc-3f">
         <name>.debug_line</name>
         <load_address>0x1071</load_address>
         <run_address>0x1071</run_address>
         <size>0x41</size>
         <input_file_ref idref="fl-6"/>
      </object_component>
      <object_component id="oc-2c">
         <name>.debug_line</name>
         <load_address>0x10b2</load_address>
         <run_address>0x10b2</run_address>
         <size>0xa1</size>
         <input_file_ref idref="fl-6"/>
      </object_component>
      <object_component id="oc-235">
         <name>.debug_line</name>
         <load_address>0x1153</load_address>
         <run_address>0x1153</run_address>
         <size>0x1a7</size>
         <input_file_ref idref="fl-7"/>
      </object_component>
      <object_component id="oc-aa">
         <name>.debug_line</name>
         <load_address>0x12fa</load_address>
         <run_address>0x12fa</run_address>
         <size>0x2f0</size>
         <input_file_ref idref="fl-7"/>
      </object_component>
      <object_component id="oc-1f3">
         <name>.debug_line</name>
         <load_address>0x15ea</load_address>
         <run_address>0x15ea</run_address>
         <size>0x6b</size>
         <input_file_ref idref="fl-7"/>
      </object_component>
      <object_component id="oc-202">
         <name>.debug_line</name>
         <load_address>0x1655</load_address>
         <run_address>0x1655</run_address>
         <size>0x80</size>
         <input_file_ref idref="fl-7"/>
      </object_component>
      <object_component id="oc-239">
         <name>.debug_line</name>
         <load_address>0x16d5</load_address>
         <run_address>0x16d5</run_address>
         <size>0x45</size>
         <input_file_ref idref="fl-7"/>
      </object_component>
      <object_component id="oc-171">
         <name>.debug_line</name>
         <load_address>0x171a</load_address>
         <run_address>0x171a</run_address>
         <size>0x84</size>
         <input_file_ref idref="fl-7"/>
      </object_component>
      <object_component id="oc-272">
         <name>.debug_line</name>
         <load_address>0x179e</load_address>
         <run_address>0x179e</run_address>
         <size>0x20</size>
         <input_file_ref idref="fl-8"/>
      </object_component>
      <object_component id="oc-103">
         <name>.debug_line</name>
         <load_address>0x17be</load_address>
         <run_address>0x17be</run_address>
         <size>0xf0</size>
         <input_file_ref idref="fl-8"/>
      </object_component>
      <object_component id="oc-274">
         <name>.debug_line</name>
         <load_address>0x18ae</load_address>
         <run_address>0x18ae</run_address>
         <size>0x1a7</size>
         <input_file_ref idref="fl-9"/>
      </object_component>
      <object_component id="oc-13d">
         <name>.debug_line</name>
         <load_address>0x1a55</load_address>
         <run_address>0x1a55</run_address>
         <size>0x773</size>
         <input_file_ref idref="fl-9"/>
      </object_component>
      <object_component id="oc-278">
         <name>.debug_line</name>
         <load_address>0x21c8</load_address>
         <run_address>0x21c8</run_address>
         <size>0x3e</size>
         <input_file_ref idref="fl-9"/>
      </object_component>
      <object_component id="oc-227">
         <name>.debug_line</name>
         <load_address>0x2206</load_address>
         <run_address>0x2206</run_address>
         <size>0x7d</size>
         <input_file_ref idref="fl-9"/>
      </object_component>
      <object_component id="oc-1f8">
         <name>.debug_line</name>
         <load_address>0x2283</load_address>
         <run_address>0x2283</run_address>
         <size>0x74</size>
         <input_file_ref idref="fl-9"/>
      </object_component>
      <object_component id="oc-1ef">
         <name>.debug_line</name>
         <load_address>0x22f7</load_address>
         <run_address>0x22f7</run_address>
         <size>0x1f4</size>
         <input_file_ref idref="fl-a"/>
      </object_component>
      <object_component id="oc-f0">
         <name>.debug_line</name>
         <load_address>0x24eb</load_address>
         <run_address>0x24eb</run_address>
         <size>0x3e</size>
         <input_file_ref idref="fl-a"/>
      </object_component>
      <object_component id="oc-20f">
         <name>.debug_line</name>
         <load_address>0x2529</load_address>
         <run_address>0x2529</run_address>
         <size>0x3e</size>
         <input_file_ref idref="fl-a"/>
      </object_component>
      <object_component id="oc-219">
         <name>.debug_line</name>
         <load_address>0x2567</load_address>
         <run_address>0x2567</run_address>
         <size>0x3e</size>
         <input_file_ref idref="fl-a"/>
      </object_component>
      <object_component id="oc-21b">
         <name>.debug_line</name>
         <load_address>0x25a5</load_address>
         <run_address>0x25a5</run_address>
         <size>0x3e</size>
         <input_file_ref idref="fl-a"/>
      </object_component>
      <object_component id="oc-217">
         <name>.debug_line</name>
         <load_address>0x25e3</load_address>
         <run_address>0x25e3</run_address>
         <size>0x3e</size>
         <input_file_ref idref="fl-a"/>
      </object_component>
      <object_component id="oc-215">
         <name>.debug_line</name>
         <load_address>0x2621</load_address>
         <run_address>0x2621</run_address>
         <size>0x3e</size>
         <input_file_ref idref="fl-a"/>
      </object_component>
      <object_component id="oc-211">
         <name>.debug_line</name>
         <load_address>0x265f</load_address>
         <run_address>0x265f</run_address>
         <size>0x3e</size>
         <input_file_ref idref="fl-a"/>
      </object_component>
      <object_component id="oc-213">
         <name>.debug_line</name>
         <load_address>0x269d</load_address>
         <run_address>0x269d</run_address>
         <size>0x3e</size>
         <input_file_ref idref="fl-a"/>
      </object_component>
      <object_component id="oc-89">
         <name>.debug_line</name>
         <load_address>0x26db</load_address>
         <run_address>0x26db</run_address>
         <size>0xa5b</size>
         <input_file_ref idref="fl-a"/>
      </object_component>
      <object_component id="oc-f5">
         <name>.debug_line</name>
         <load_address>0x3136</load_address>
         <run_address>0x3136</run_address>
         <size>0x7c</size>
         <input_file_ref idref="fl-a"/>
      </object_component>
      <object_component id="oc-1fd">
         <name>.debug_line</name>
         <load_address>0x31b2</load_address>
         <run_address>0x31b2</run_address>
         <size>0x3e</size>
         <input_file_ref idref="fl-a"/>
      </object_component>
      <object_component id="oc-233">
         <name>.debug_line</name>
         <load_address>0x31f0</load_address>
         <run_address>0x31f0</run_address>
         <size>0x204</size>
         <input_file_ref idref="fl-b"/>
      </object_component>
      <object_component id="oc-22f">
         <name>.debug_line</name>
         <load_address>0x33f4</load_address>
         <run_address>0x33f4</run_address>
         <size>0x3f</size>
         <input_file_ref idref="fl-b"/>
      </object_component>
      <object_component id="oc-231">
         <name>.debug_line</name>
         <load_address>0x3433</load_address>
         <run_address>0x3433</run_address>
         <size>0x3f</size>
         <input_file_ref idref="fl-b"/>
      </object_component>
      <object_component id="oc-22d">
         <name>.debug_line</name>
         <load_address>0x3472</load_address>
         <run_address>0x3472</run_address>
         <size>0x3f</size>
         <input_file_ref idref="fl-b"/>
      </object_component>
      <object_component id="oc-22b">
         <name>.debug_line</name>
         <load_address>0x34b1</load_address>
         <run_address>0x34b1</run_address>
         <size>0x3f</size>
         <input_file_ref idref="fl-b"/>
      </object_component>
      <object_component id="oc-a4">
         <name>.debug_line</name>
         <load_address>0x34f0</load_address>
         <run_address>0x34f0</run_address>
         <size>0x4d8</size>
         <input_file_ref idref="fl-b"/>
      </object_component>
      <object_component id="oc-155">
         <name>.debug_line</name>
         <load_address>0x39c8</load_address>
         <run_address>0x39c8</run_address>
         <size>0x3f</size>
         <input_file_ref idref="fl-b"/>
      </object_component>
      <object_component id="oc-14f">
         <name>.debug_line</name>
         <load_address>0x3a07</load_address>
         <run_address>0x3a07</run_address>
         <size>0x7e</size>
         <input_file_ref idref="fl-b"/>
      </object_component>
      <object_component id="oc-11e">
         <name>.debug_line</name>
         <load_address>0x3a85</load_address>
         <run_address>0x3a85</run_address>
         <size>0xaf</size>
         <input_file_ref idref="fl-c"/>
      </object_component>
      <object_component id="oc-f8">
         <name>.debug_line</name>
         <load_address>0x3b34</load_address>
         <run_address>0x3b34</run_address>
         <size>0x53</size>
         <input_file_ref idref="fl-c"/>
      </object_component>
      <object_component id="oc-11c">
         <name>.debug_line</name>
         <load_address>0x3b87</load_address>
         <run_address>0x3b87</run_address>
         <size>0x53</size>
         <input_file_ref idref="fl-c"/>
      </object_component>
      <object_component id="oc-36">
         <name>.debug_line</name>
         <load_address>0x3bda</load_address>
         <run_address>0x3bda</run_address>
         <size>0x192</size>
         <input_file_ref idref="fl-c"/>
      </object_component>
      <object_component id="oc-31">
         <name>.debug_line</name>
         <load_address>0x3d6c</load_address>
         <run_address>0x3d6c</run_address>
         <size>0xe8</size>
         <input_file_ref idref="fl-d"/>
      </object_component>
      <object_component id="oc-270">
         <name>.debug_line</name>
         <load_address>0x3e54</load_address>
         <run_address>0x3e54</run_address>
         <size>0x7c</size>
         <input_file_ref idref="fl-e"/>
      </object_component>
      <object_component id="oc-26e">
         <name>.debug_line</name>
         <load_address>0x3ed0</load_address>
         <run_address>0x3ed0</run_address>
         <size>0x50</size>
         <input_file_ref idref="fl-e"/>
      </object_component>
      <object_component id="oc-26c">
         <name>.debug_line</name>
         <load_address>0x3f20</load_address>
         <run_address>0x3f20</run_address>
         <size>0x50</size>
         <input_file_ref idref="fl-e"/>
      </object_component>
      <object_component id="oc-fe">
         <name>.debug_line</name>
         <load_address>0x3f70</load_address>
         <run_address>0x3f70</run_address>
         <size>0xd5</size>
         <input_file_ref idref="fl-e"/>
      </object_component>
      <object_component id="oc-185">
         <name>.debug_line</name>
         <load_address>0x4045</load_address>
         <run_address>0x4045</run_address>
         <size>0x25e</size>
         <input_file_ref idref="fl-f"/>
      </object_component>
      <object_component id="oc-19a">
         <name>.debug_line</name>
         <load_address>0x42a3</load_address>
         <run_address>0x42a3</run_address>
         <size>0x69</size>
         <input_file_ref idref="fl-10"/>
      </object_component>
      <object_component id="oc-286">
         <name>.debug_line</name>
         <load_address>0x430c</load_address>
         <run_address>0x430c</run_address>
         <size>0x20</size>
         <input_file_ref idref="fl-11"/>
      </object_component>
      <object_component id="oc-18c">
         <name>.debug_line</name>
         <load_address>0x432c</load_address>
         <run_address>0x432c</run_address>
         <size>0x11e</size>
         <input_file_ref idref="fl-11"/>
      </object_component>
      <object_component id="oc-4e">
         <name>.debug_line</name>
         <load_address>0x444a</load_address>
         <run_address>0x444a</run_address>
         <size>0x88</size>
         <input_file_ref idref="fl-cb"/>
      </object_component>
      <object_component id="oc-d5">
         <name>.debug_line</name>
         <load_address>0x44d2</load_address>
         <run_address>0x44d2</run_address>
         <size>0x79</size>
         <input_file_ref idref="fl-cc"/>
      </object_component>
      <object_component id="oc-240">
         <name>.debug_line</name>
         <load_address>0x454b</load_address>
         <run_address>0x454b</run_address>
         <size>0x68</size>
         <input_file_ref idref="fl-cd"/>
      </object_component>
      <object_component id="oc-283">
         <name>.debug_line</name>
         <load_address>0x45b3</load_address>
         <run_address>0x45b3</run_address>
         <size>0x81</size>
         <input_file_ref idref="fl-ce"/>
      </object_component>
      <object_component id="oc-181">
         <name>.debug_line</name>
         <load_address>0x4634</load_address>
         <run_address>0x4634</run_address>
         <size>0x92</size>
         <input_file_ref idref="fl-cf"/>
      </object_component>
      <object_component id="oc-63">
         <name>.debug_line</name>
         <load_address>0x46c6</load_address>
         <run_address>0x46c6</run_address>
         <size>0x53</size>
         <input_file_ref idref="fl-cf"/>
      </object_component>
      <object_component id="oc-ce">
         <name>.debug_line</name>
         <load_address>0x4719</load_address>
         <run_address>0x4719</run_address>
         <size>0x34</size>
         <input_file_ref idref="fl-cf"/>
      </object_component>
      <object_component id="oc-17e">
         <name>.debug_line</name>
         <load_address>0x474d</load_address>
         <run_address>0x474d</run_address>
         <size>0x92</size>
         <input_file_ref idref="fl-cf"/>
      </object_component>
      <object_component id="oc-c9">
         <name>.debug_line</name>
         <load_address>0x47df</load_address>
         <run_address>0x47df</run_address>
         <size>0x20</size>
         <input_file_ref idref="fl-d0"/>
      </object_component>
      <object_component id="oc-20">
         <name>.debug_line</name>
         <load_address>0x47ff</load_address>
         <run_address>0x47ff</run_address>
         <size>0x55</size>
         <input_file_ref idref="fl-d0"/>
      </object_component>
      <object_component id="oc-55">
         <name>.debug_line</name>
         <load_address>0x4854</load_address>
         <run_address>0x4854</run_address>
         <size>0x3a</size>
         <input_file_ref idref="fl-d0"/>
      </object_component>
      <object_component id="oc-c6">
         <name>.debug_line</name>
         <load_address>0x488e</load_address>
         <run_address>0x488e</run_address>
         <size>0x92</size>
         <input_file_ref idref="fl-d0"/>
      </object_component>
      <object_component id="oc-17a">
         <name>.debug_line</name>
         <load_address>0x4920</load_address>
         <run_address>0x4920</run_address>
         <size>0x20</size>
         <input_file_ref idref="fl-d1"/>
      </object_component>
      <object_component id="oc-19">
         <name>.debug_line</name>
         <load_address>0x4940</load_address>
         <run_address>0x4940</run_address>
         <size>0xa9</size>
         <input_file_ref idref="fl-d1"/>
      </object_component>
      <object_component id="oc-45">
         <name>.debug_line</name>
         <load_address>0x49e9</load_address>
         <run_address>0x49e9</run_address>
         <size>0x3a</size>
         <input_file_ref idref="fl-d1"/>
      </object_component>
      <object_component id="oc-177">
         <name>.debug_line</name>
         <load_address>0x4a23</load_address>
         <run_address>0x4a23</run_address>
         <size>0x9a</size>
         <input_file_ref idref="fl-d1"/>
      </object_component>
      <object_component id="oc-bf">
         <name>.debug_line</name>
         <load_address>0x4abd</load_address>
         <run_address>0x4abd</run_address>
         <size>0x96</size>
         <input_file_ref idref="fl-d1"/>
      </object_component>
      <object_component id="oc-7d">
         <name>.debug_line</name>
         <load_address>0x4b53</load_address>
         <run_address>0x4b53</run_address>
         <size>0x33</size>
         <input_file_ref idref="fl-d2"/>
      </object_component>
      <object_component id="oc-6c">
         <name>.debug_line</name>
         <load_address>0x4b86</load_address>
         <run_address>0x4b86</run_address>
         <size>0x45</size>
         <input_file_ref idref="fl-d2"/>
      </object_component>
      <object_component id="oc-27e">
         <name>.debug_line</name>
         <load_address>0x4bcb</load_address>
         <run_address>0x4bcb</run_address>
         <size>0x37</size>
         <input_file_ref idref="fl-d3"/>
      </object_component>
      <object_component id="oc-298">
         <name>.debug_line</name>
         <load_address>0x4c02</load_address>
         <run_address>0x4c02</run_address>
         <size>0xbf</size>
         <input_file_ref idref="fl-d4"/>
      </object_component>
      <object_component id="oc-1c0">
         <name>.debug_line</name>
         <load_address>0x4cc1</load_address>
         <run_address>0x4cc1</run_address>
         <size>0x6f</size>
         <input_file_ref idref="fl-d4"/>
      </object_component>
      <object_component id="oc-29c">
         <name>.debug_line</name>
         <load_address>0x4d30</load_address>
         <run_address>0x4d30</run_address>
         <size>0x2e</size>
         <input_file_ref idref="fl-d4"/>
      </object_component>
      <object_component id="oc-2b2">
         <name>.debug_line</name>
         <load_address>0x4d5e</load_address>
         <run_address>0x4d5e</run_address>
         <size>0x9a</size>
         <input_file_ref idref="fl-d4"/>
      </object_component>
      <object_component id="oc-2a1">
         <name>.debug_line</name>
         <load_address>0x4df8</load_address>
         <run_address>0x4df8</run_address>
         <size>0x97</size>
         <input_file_ref idref="fl-d4"/>
      </object_component>
      <object_component id="oc-2a6">
         <name>.debug_line</name>
         <load_address>0x4e8f</load_address>
         <run_address>0x4e8f</run_address>
         <size>0x93</size>
         <input_file_ref idref="fl-d4"/>
      </object_component>
      <object_component id="oc-d9">
         <name>.debug_line</name>
         <load_address>0x4f22</load_address>
         <run_address>0x4f22</run_address>
         <size>0x40</size>
         <input_file_ref idref="fl-d5"/>
      </object_component>
      <object_component id="oc-1b5">
         <name>.debug_line</name>
         <load_address>0x4f62</load_address>
         <run_address>0x4f62</run_address>
         <size>0x3c</size>
         <input_file_ref idref="fl-d7"/>
      </object_component>
      <object_component id="oc-1a8">
         <name>.debug_frame</name>
         <load_address>0x0</load_address>
         <run_address>0x0</run_address>
         <size>0x114</size>
         <input_file_ref idref="fl-2"/>
      </object_component>
      <object_component id="oc-191">
         <name>.debug_frame</name>
         <load_address>0x114</load_address>
         <run_address>0x114</run_address>
         <size>0x68</size>
         <input_file_ref idref="fl-3"/>
      </object_component>
      <object_component id="oc-3c">
         <name>.debug_frame</name>
         <load_address>0x17c</load_address>
         <run_address>0x17c</run_address>
         <size>0x78</size>
         <input_file_ref idref="fl-4"/>
      </object_component>
      <object_component id="oc-e2">
         <name>.debug_frame</name>
         <load_address>0x1f4</load_address>
         <run_address>0x1f4</run_address>
         <size>0x60</size>
         <input_file_ref idref="fl-5"/>
      </object_component>
      <object_component id="oc-2b">
         <name>.debug_frame</name>
         <load_address>0x254</load_address>
         <run_address>0x254</run_address>
         <size>0x90</size>
         <input_file_ref idref="fl-6"/>
      </object_component>
      <object_component id="oc-ae">
         <name>.debug_frame</name>
         <load_address>0x2e4</load_address>
         <run_address>0x2e4</run_address>
         <size>0x158</size>
         <input_file_ref idref="fl-7"/>
      </object_component>
      <object_component id="oc-104">
         <name>.debug_frame</name>
         <load_address>0x43c</load_address>
         <run_address>0x43c</run_address>
         <size>0xb8</size>
         <input_file_ref idref="fl-8"/>
      </object_component>
      <object_component id="oc-13e">
         <name>.debug_frame</name>
         <load_address>0x4f4</load_address>
         <run_address>0x4f4</run_address>
         <size>0x330</size>
         <input_file_ref idref="fl-9"/>
      </object_component>
      <object_component id="oc-8a">
         <name>.debug_frame</name>
         <load_address>0x824</load_address>
         <run_address>0x824</run_address>
         <size>0x524</size>
         <input_file_ref idref="fl-a"/>
      </object_component>
      <object_component id="oc-a5">
         <name>.debug_frame</name>
         <load_address>0xd48</load_address>
         <run_address>0xd48</run_address>
         <size>0x2fc</size>
         <input_file_ref idref="fl-b"/>
      </object_component>
      <object_component id="oc-37">
         <name>.debug_frame</name>
         <load_address>0x1044</load_address>
         <run_address>0x1044</run_address>
         <size>0x110</size>
         <input_file_ref idref="fl-c"/>
      </object_component>
      <object_component id="oc-fa">
         <name>.debug_frame</name>
         <load_address>0x1154</load_address>
         <run_address>0x1154</run_address>
         <size>0xa0</size>
[...]
      </symbol>
      <symbol id="sm-57a">
         <name>xTaskPriorityDisinherit</name>
         <value>0x13e9</value>
         <object_component_ref idref="oc-85"/>
      </symbol>
      <symbol id="sm-57b">
         <name>vTaskStartScheduler</name>
         <value>0x6e1</value>
         <object_component_ref idref="oc-85"/>
      </symbol>
      <symbol id="sm-57c">
         <name>vTaskInternalSetTimeOutState</name>
         <value>0x10a5</value>
         <object_component_ref idref="oc-85"/>
      </symbol>
      <symbol id="sm-57d">
         <name>pvTaskIncrementMutexHeldCount</name>
         <value>0x1667</value>
         <object_component_ref idref="oc-85"/>
      </symbol>
      <symbol id="sm-57e">
         <name>xTaskGenericNotifyStateClear</name>
         <value>0x1e19</value>
         <object_component_ref idref="oc-85"/>
      </symbol>
      <symbol id="sm-57f">
         <name>xTaskGenericNotify</name>
         <value>0x1829</value>
         <object_component_ref idref="oc-85"/>
      </symbol>
      <symbol id="sm-580">
         <name>vTaskPriorityDisinheritAfterTimeout</name>
         <value>0x1501</value>
         <object_component_ref idref="oc-85"/>
      </symbol>
      <symbol id="sm-581">
         <name>xTaskCreate</name>
         <value>0x26d</value>
         <object_component_ref idref="oc-85"/>
      </symbol>
      <symbol id="sm-582">
         <name>xTaskDelayUntil</name>
         <value>0x593</value>
         <object_component_ref idref="oc-85"/>
      </symbol>
      <symbol id="sm-583">
         <name>vTaskEndScheduler</name>
         <value>0x757</value>
         <object_component_ref idref="oc-85"/>
      </symbol>
      <symbol id="sm-584">
         <name>vTaskMissedYield</name>
         <value>0x1169</value>
         <object_component_ref idref="oc-85"/>
      </symbol>
      <symbol id="sm-585">
         <name>uxTaskGetNumberOfTasks</name>
         <value>0x951</value>
         <object_component_ref idref="oc-85"/>
      </symbol>
      <symbol id="sm-586">
         <name>xTaskCatchUpTicks</name>
         <value>0x9a1</value>
         <object_component_ref idref="oc-85"/>
      </symbol>
      <symbol id="sm-587">
         <name>xTaskGenericNotifyFromISR</name>
         <value>0x1a15</value>
         <object_component_ref idref="oc-85"/>
      </symbol>
      <symbol id="sm-588">
         <name>xTaskResumeAll</name>
         <value>0x789</value>
         <object_component_ref idref="oc-85"/>
      </symbol>
      <symbol id="sm-589">
         <name>xTaskGetTickCount</name>
         <value>0x92d</value>
         <object_component_ref idref="oc-85"/>
      </symbol>
      <symbol id="sm-58a">
         <name>ulTaskGenericNotifyTake</name>
         <value>0x167f</value>
         <object_component_ref idref="oc-85"/>
      </symbol>
      <symbol id="sm-58b">
         <name>vTaskDelete</name>
         <value>0x4bf</value>
         <object_component_ref idref="oc-85"/>
      </symbol>
      <symbol id="sm-58c">
         <name>ulTaskGenericNotifyValueClear</name>
         <value>0x1e81</value>
         <object_component_ref idref="oc-85"/>
      </symbol>
      <symbol id="sm-58d">
         <name>xTaskGenericNotifyWait</name>
         <value>0x173d</value>
         <object_component_ref idref="oc-85"/>
      </symbol>
      <symbol id="sm-58e">
         <name>pxCurrentTCB</name>
         <value>0x20002298</value>
         <object_component_ref idref="oc-7f"/>
      </symbol>
      <symbol id="sm-58f">
         <name>xTaskGetTickCountFromISR</name>
         <value>0x93d</value>
         <object_component_ref idref="oc-85"/>
      </symbol>
      <symbol id="sm-590">
         <name>uxTopUsedPriority</name>
         <value>0x550c</value>
         <object_component_ref idref="oc-10b"/>
      </symbol>
      <symbol id="sm-591">
         <name>vTaskPlaceOnEventListRestricted</name>
         <value>0xd47</value>
         <object_component_ref idref="oc-85"/>
      </symbol>
      <symbol id="sm-592">
         <name>vTaskSetTimeOutState</name>
         <value>0x1073</value>
         <object_component_ref idref="oc-85"/>
      </symbol>
      <symbol id="sm-593">
         <name>xTaskIncrementTick</name>
         <value>0xa0d</value>
         <object_component_ref idref="oc-85"/>
      </symbol>
      <symbol id="sm-594">
         <name>vTaskSwitchContext</name>
         <value>0xbe9</value>
         <object_component_ref idref="oc-85"/>
      </symbol>
      <symbol id="sm-595">
         <name>uxTaskResetEventItemValue</name>
         <value>0x1645</value>
         <object_component_ref idref="oc-85"/>
      </symbol>
      <symbol id="sm-596">
         <name>xTaskGetSchedulerState</name>
         <value>0x127f</value>
         <object_component_ref idref="oc-85"/>
      </symbol>
      <symbol id="sm-597">
         <name>xTaskGetCurrentTaskHandle</name>
         <value>0x126f</value>
         <object_component_ref idref="oc-85"/>
      </symbol>
      <symbol id="sm-598">
         <name>vTaskPlaceOnUnorderedEventList</name>
         <value>0xcb5</value>
         <object_component_ref idref="oc-85"/>
      </symbol>
      <symbol id="sm-599">
         <name>xTaskRemoveFromEventList</name>
         <value>0xdd5</value>
         <object_component_ref idref="oc-85"/>
      </symbol>
      <symbol id="sm-59a">
         <name>xTaskPriorityInherit</name>
         <value>0x12ad</value>
         <object_component_ref idref="oc-85"/>
      </symbol>
      <symbol id="sm-661">
         <name>xTimerGetTimerDaemonTaskHandle</name>
         <value>0x38cf</value>
         <object_component_ref idref="oc-a0"/>
      </symbol>
      <symbol id="sm-662">
         <name>pcTimerGetName</name>
         <value>0x39d9</value>
         <object_component_ref idref="oc-a0"/>
      </symbol>
      <symbol id="sm-663">
         <name>xTimerCreateTimerTask</name>
         <value>0x3771</value>
         <object_component_ref idref="oc-a0"/>
      </symbol>
      <symbol id="sm-664">
         <name>xTimerGetExpiryTime</name>
         <value>0x39a9</value>
         <object_component_ref idref="oc-a0"/>
      </symbol>
      <symbol id="sm-665">
         <name>xTimerIsTimerActive</name>
         <value>0x3e01</value>
         <object_component_ref idref="oc-a0"/>
      </symbol>
      <symbol id="sm-666">
         <name>xTimerGetPeriod</name>
         <value>0x38f1</value>
         <object_component_ref idref="oc-a0"/>
      </symbol>
      <symbol id="sm-667">
         <name>xTimerGetReloadMode</name>
         <value>0x3961</value>
         <object_component_ref idref="oc-a0"/>
      </symbol>
      <symbol id="sm-668">
         <name>xTimerCreate</name>
         <value>0x37b1</value>
         <object_component_ref idref="oc-a0"/>
      </symbol>
      <symbol id="sm-669">
         <name>vTimerSetReloadMode</name>
         <value>0x3917</value>
         <object_component_ref idref="oc-a0"/>
      </symbol>
      <symbol id="sm-66a">
         <name>xTimerGenericCommand</name>
         <value>0x384f</value>
         <object_component_ref idref="oc-a0"/>
      </symbol>
      <symbol id="sm-66b">
         <name>uxTimerGetReloadMode</name>
         <value>0x399d</value>
         <object_component_ref idref="oc-a0"/>
      </symbol>
      <symbol id="sm-66c">
         <name>pvTimerGetTimerID</name>
         <value>0x3e3d</value>
         <object_component_ref idref="oc-a0"/>
      </symbol>
      <symbol id="sm-66d">
         <name>xTimerPendFunctionCallFromISR</name>
         <value>0x3e99</value>
         <object_component_ref idref="oc-a0"/>
      </symbol>
      <symbol id="sm-66e">
         <name>xTimerPendFunctionCall</name>
         <value>0x3ecf</value>
         <object_component_ref idref="oc-a0"/>
      </symbol>
      <symbol id="sm-66f">
         <name>vTimerSetTimerID</name>
         <value>0x3e6b</value>
         <object_component_ref idref="oc-a0"/>
      </symbol>
      <symbol id="sm-6c0">
         <name>ulMaxSyscallInterruptPriority</name>
         <value>0x5504</value>
         <object_component_ref idref="oc-82"/>
      </symbol>
      <symbol id="sm-6c1">
         <name>vPortSetupTimerInterrupt</name>
         <value>0x492d</value>
         <object_component_ref idref="oc-32"/>
      </symbol>
      <symbol id="sm-6c2">
         <name>vPortEndScheduler</name>
         <value>0x4875</value>
         <object_component_ref idref="oc-32"/>
      </symbol>
      <symbol id="sm-6c3">
         <name>xPortSysTickHandler</name>
         <value>0x4907</value>
         <object_component_ref idref="oc-32"/>
      </symbol>
      <symbol id="sm-6c4">
         <name>vPortValidateInterruptPriority</name>
         <value>0x4947</value>
         <object_component_ref idref="oc-32"/>
      </symbol>
      <symbol id="sm-6c5">
         <name>pxPortInitialiseStack</name>
         <value>0x4731</value>
         <object_component_ref idref="oc-32"/>
      </symbol>
      <symbol id="sm-6c6">
         <name>vPortExitCritical</name>
         <value>0x48db</value>
         <object_component_ref idref="oc-32"/>
      </symbol>
      <symbol id="sm-6c7">
         <name>xPortStartScheduler</name>
         <value>0x47bd</value>
         <object_component_ref idref="oc-32"/>
      </symbol>
      <symbol id="sm-6c8">
         <name>vPortEnterCritical</name>
         <value>0x4899</value>
         <object_component_ref idref="oc-32"/>
      </symbol>
      <symbol id="sm-6d7">
         <name>vPortStartFirstTask</name>
         <value>0x4f55</value>
         <object_component_ref idref="oc-2d"/>
      </symbol>
      <symbol id="sm-6d8">
         <name>ulPortGetIPSR</name>
         <value>0x4ebd</value>
         <object_component_ref idref="oc-2d"/>
      </symbol>
      <symbol id="sm-6d9">
         <name>vPortEnableVFP</name>
         <value>0x4f79</value>
         <object_component_ref idref="oc-2d"/>
      </symbol>
      <symbol id="sm-6da">
         <name>xPortPendSVHandler</name>
         <value>0x4ed5</value>
         <object_component_ref idref="oc-2d"/>
      </symbol>
      <symbol id="sm-6db">
         <name>vPortSVCHandler</name>
         <value>0x4f35</value>
         <object_component_ref idref="oc-2d"/>
      </symbol>
      <symbol id="sm-705">
         <name>vPortInitialiseBlocks</name>
         <value>0x5039</value>
         <object_component_ref idref="oc-f9"/>
      </symbol>
      <symbol id="sm-706">
         <name>xPortGetFreeHeapSize</name>
         <value>0x5041</value>
         <object_component_ref idref="oc-f9"/>
      </symbol>
      <symbol id="sm-707">
         <name>pvPortMalloc</name>
         <value>0x4f89</value>
         <object_component_ref idref="oc-f9"/>
      </symbol>
      <symbol id="sm-708">
         <name>vPortFree</name>
         <value>0x5015</value>
         <object_component_ref idref="oc-f9"/>
      </symbol>
      <symbol id="sm-748">
         <name>GPIO_SW3GetState</name>
         <value>0x45af</value>
         <object_component_ref idref="oc-184"/>
      </symbol>
      <symbol id="sm-749">
         <name>GPIO_SW3EdgeTriggeredInterruptInit</name>
         <value>0x4655</value>
         <object_component_ref idref="oc-184"/>
      </symbol>
      <symbol id="sm-74a">
         <name>GPIO_SW1GetState</name>
         <value>0x459b</value>
         <object_component_ref idref="oc-184"/>
      </symbol>
      <symbol id="sm-74b">
         <name>GPIO_DriverGreenLedOn</name>
         <value>0x453b</value>
         <object_component_ref idref="oc-184"/>
      </symbol>
      <symbol id="sm-74c">
         <name>GPIO_PassengerGreenLedOff</name>
         <value>0x458f</value>
         <object_component_ref idref="oc-184"/>
      </symbol>
      <symbol id="sm-74d">
         <name>GPIO_PassengerRedLedOff</name>
         <value>0x455f</value>
         <object_component_ref idref="oc-184"/>
      </symbol>
      <symbol id="sm-74e">
         <name>GPIO_PassengerBlueLedOff</name>
         <value>0x4577</value>
         <object_component_ref idref="oc-184"/>
      </symbol>
      <symbol id="sm-74f">
         <name>GPIO_DriverGreenLedOff</name>
         <value>0x4583</value>
         <object_component_ref idref="oc-184"/>
      </symbol>
      <symbol id="sm-750">
         <name>GPIO_DriverBlueLedOff</name>
         <value>0x456b</value>
         <object_component_ref idref="oc-184"/>
      </symbol>
      <symbol id="sm-751">
         <name>GPIO_SW2GetState</name>
         <value>0x45a5</value>
         <object_component_ref idref="oc-184"/>
      </symbol>
      <symbol id="sm-752">
         <name>GPIO_SW2EdgeTriggeredInterruptInit</name>
         <value>0x4607</value>
         <object_component_ref idref="oc-184"/>
      </symbol>
      <symbol id="sm-753">
         <name>GPIO_DriverBlueLedOn</name>
         <value>0x4523</value>
         <object_component_ref idref="oc-184"/>
      </symbol>
      <symbol id="sm-754">
         <name>GPIO_DriverRedLedOn</name>
         <value>0x450b</value>
         <object_component_ref idref="oc-184"/>
      </symbol>
      <symbol id="sm-755">
         <name>GPIO_DriverRedLedOff</name>
         <value>0x4553</value>
         <object_component_ref idref="oc-184"/>
      </symbol>
      <symbol id="sm-756">
         <name>GPIO_PassengerRedLedOn</name>
         <value>0x4517</value>
         <object_component_ref idref="oc-184"/>
      </symbol>
      <symbol id="sm-757">
         <name>GPIO_ButtonsLedsPoteintiometerInit</name>
         <value>0x4431</value>
         <object_component_ref idref="oc-184"/>
      </symbol>
      <symbol id="sm-758">
         <name>GPIO_PassengerBlueLedOn</name>
         <value>0x452f</value>
         <object_component_ref idref="oc-184"/>
      </symbol>
      <symbol id="sm-759">
         <name>GPIO_SW1EdgeTriggeredInterruptInit</name>
         <value>0x45b9</value>
         <object_component_ref idref="oc-184"/>
      </symbol>
      <symbol id="sm-75a">
         <name>GPIO_PassengerGreenLedOn</name>
         <value>0x4547</value>
         <object_component_ref idref="oc-184"/>
      </symbol>
      <symbol id="sm-76c">
         <name>GPTM_WTimer0Init</name>
         <value>0x5409</value>
         <object_component_ref idref="oc-196"/>
      </symbol>
      <symbol id="sm-76d">
         <name>GPTM_WTimer0Read</name>
         <value>0x5439</value>
         <object_component_ref idref="oc-196"/>
      </symbol>
      <symbol id="sm-79b">
         <name>UART0_SendInteger</name>
         <value>0x4ca1</value>
         <object_component_ref idref="oc-18a"/>
      </symbol>
      <symbol id="sm-79c">
         <name>UART0_ReceiveByte</name>
         <value>0x4c6b</value>
         <object_component_ref idref="oc-18a"/>
      </symbol>
      <symbol id="sm-79d">
         <name>UART0_SendByte</name>
         <value>0x4c4f</value>
         <object_component_ref idref="oc-18a"/>
      </symbol>
      <symbol id="sm-79e">
         <name>UART0_Init</name>
         <value>0x4c0f</value>
         <object_component_ref idref="oc-18a"/>
      </symbol>
      <symbol id="sm-79f">
         <name>UART0_SendString</name>
         <value>0x4c7b</value>
         <object_component_ref idref="oc-18a"/>
      </symbol>
      <symbol id="sm-7ba">
         <name>memcpy</name>
         <value>0x510d</value>
         <object_component_ref idref="oc-4c"/>
      </symbol>
      <symbol id="sm-7bb">
         <name>__aeabi_memcpy</name>
         <value>0x510d</value>
         <object_component_ref idref="oc-4c"/>
      </symbol>
      <symbol id="sm-7bc">
         <name>__aeabi_memcpy8</name>
         <value>0x510d</value>
         <object_component_ref idref="oc-4c"/>
      </symbol>
      <symbol id="sm-7bd">
         <name>__aeabi_memcpy4</name>
         <value>0x510d</value>
         <object_component_ref idref="oc-4c"/>
      </symbol>
      <symbol id="sm-7cc">
         <name>__aeabi_memset</name>
         <value>0x5241</value>
         <object_component_ref idref="oc-d1"/>
      </symbol>
      <symbol id="sm-7cd">
         <name>memset</name>
         <value>0x5247</value>
         <object_component_ref idref="oc-d1"/>
      </symbol>
      <symbol id="sm-7ce">
         <name>__aeabi_memset8</name>
         <value>0x5241</value>
         <object_component_ref idref="oc-d1"/>
      </symbol>
      <symbol id="sm-7cf">
         <name>__aeabi_memset4</name>
         <value>0x5241</value>
         <object_component_ref idref="oc-d1"/>
      </symbol>
      <symbol id="sm-7d0">
         <name>__aeabi_memclr8</name>
         <value>0x523f</value>
         <object_component_ref idref="oc-d1"/>
      </symbol>
      <symbol id="sm-7d1">
         <name>__aeabi_memclr4</name>
         <value>0x523f</value>
         <object_component_ref idref="oc-d1"/>
      </symbol>
      <symbol id="sm-7d2">
         <name>__aeabi_memclr</name>
         <value>0x523f</value>
         <object_component_ref idref="oc-d1"/>
      </symbol>
      <symbol id="sm-7e0">
         <name>__aeabi_ldivmod</name>
         <value>0x5331</value>
         <object_component_ref idref="oc-23c"/>
      </symbol>
      <symbol id="sm-7ed">
         <name>__aeabi_uldivmod</name>
         <value>0x51a9</value>
         <object_component_ref idref="oc-27f"/>
      </symbol>
      <symbol id="sm-804">
         <name>__TI_zero_init</name>
         <value>0x54e3</value>
         <object_component_ref idref="oc-5e"/>
      </symbol>
      <symbol id="sm-81b">
         <name>__TI_decompress_none</name>
         <value>0x54d5</value>
         <object_component_ref idref="oc-1b"/>
      </symbol>
      <symbol id="sm-83e">
         <name>__TI_decompress_lzss</name>
         <value>0x539f</value>
         <object_component_ref idref="oc-15"/>
      </symbol>
      <symbol id="sm-851">
         <name>__stack</name>
         <value>0x20002098</value>
         <object_component_ref idref="oc-24"/>
      </symbol>
      <symbol id="sm-852">
         <name>_c_int00_noargs</name>
         <value>0x54a1</value>
         <object_component_ref idref="oc-6a"/>
      </symbol>
      <symbol id="sm-85c">
         <name>__aeabi_idiv0</name>
         <value>0x2f7b</value>
         <object_component_ref idref="oc-27a"/>
      </symbol>
      <symbol id="sm-85d">
         <name>__aeabi_ldiv0</name>
         <value>0x2f7b</value>
         <object_component_ref idref="oc-27a"/>
      </symbol>
      <symbol id="sm-885">
         <name>__TI_auto_init_nobinit_nopinit</name>
         <value>0x545d</value>
         <object_component_ref idref="oc-1bc"/>
      </symbol>
      <symbol id="sm-88f">
         <name>_system_pre_init</name>
         <value>0x54fb</value>
         <object_component_ref idref="oc-d7"/>
      </symbol>
      <symbol id="sm-89b">
         <name>C$$EXIT</name>
         <value>0x54ff</value>
         <object_component_ref idref="oc-1b0"/>
      </symbol>
      <symbol id="sm-89c">
         <name>abort</name>
         <value>0x54ff</value>
         <object_component_ref idref="oc-1b0"/>
      </symbol>
      <symbol id="sm-89f">
         <name>__TI_static_base__</name>
         <value>0x0</value>
      </symbol>
      <symbol id="sm-8a2">
         <name>__mpu_init</name>
         <value>0x0</value>
      </symbol>
      <symbol id="sm-8a3">
         <name>_system_post_cinit</name>
         <value>0x0</value>
      </symbol>
   </symbol_table>
   <title>Link successful</title>
</link_info>
